holbuild proof-ir plan ATheory:step_create_push_structure source=src/AScript.sml (275 steps)
  00 simp[step_create_def]
  01 >> strip_tac
  02 >> qmatch_asmsub_abbrev_tac`pop_stack n`
  03 >> `preserves_same_frame (pop_stack n)` by simp[]
  04 >> drule_at (Pat`bind`) bind_psf_grows_extract
  05 >> simp[]
  06 >> qpat_x_assum`_ = (_,_)`kall_tac
  07 >> strip_tac
  08 >> gvs[]
  09 >> `sm.contexts ≠ []` by (strip_tac >> gvs[same_frame_rel_def])
  10 >> `LENGTH sm.contexts = LENGTH s.contexts` by gvs[same_frame_rel_def]
  11 >> drule_at (Pat`bind`) bind_psf_grows_extract
  12 >> simp[]
  13 >> qpat_x_assum`_ sm = (_,_)`kall_tac
  14 >> strip_tac
  15 >> gvs[]
  16 >> rename1`same_frame_rel sm s2`
  17 >> `same_frame_rel s s2` by metis_tac[same_frame_rel_trans]
  18 >> `s2.contexts ≠ [] ∧ LENGTH s2.contexts = LENGTH s.contexts`
  by (rpt strip_tac >> gvs[same_frame_rel_def])
  19 >> gvs[ignore_bind_def]
  20 >> drule_at (Pat`bind`) bind_psf_grows_extract
  21 >> simp[]
  22 >> qpat_x_assum`_ _ = (_,_)`kall_tac
  23 >> strip_tac
  24 >> gvs[]
  25 >> rename1`same_frame_rel s2 s3`
  26 >> `same_frame_rel s s3` by metis_tac[same_frame_rel_trans]
  27 >> `s3.contexts ≠ [] ∧ LENGTH s3.contexts = LENGTH s.contexts`
  by (rpt strip_tac >> gvs[same_frame_rel_def])
  28 >> drule_at (Pat`bind`) bind_psf_grows_extract
  29 >> simp[]
  30 >> qpat_x_assum`_ _ = (_,_)`kall_tac
  31 >> strip_tac
  32 >> gvs[]
  33 >> rename1`same_frame_rel s3 s4`
  34 >> `same_frame_rel s s4` by metis_tac[same_frame_rel_trans]
  35 >> `s4.contexts ≠ [] ∧ LENGTH s4.contexts = LENGTH s.contexts`
  by (rpt strip_tac >> gvs[same_frame_rel_def])
  36 >> drule_at (Pat`bind`) bind_psf_grows_extract
  37 >> simp[]
  38 >> qpat_x_assum`_ _ = (_,_)`kall_tac
  39 >> strip_tac
  40 >> gvs[]
  41 >> rename1`same_frame_rel s4 s5`
  42 >> `same_frame_rel s s5` by metis_tac[same_frame_rel_trans]
  43 >> `s5.contexts ≠ [] ∧ LENGTH s5.contexts = LENGTH s.contexts`
  by (rpt strip_tac >> gvs[same_frame_rel_def])
  44 >> drule_at (Pat`bind`) bind_psf_grows_extract
  45 >> simp[]
  46 >> qpat_x_assum`_ _ = (_,_)`kall_tac
  47 >> strip_tac
  48 >> gvs[]
  49 >> rename1`same_frame_rel s5 s6`
  50 >> `same_frame_rel s s6` by metis_tac[same_frame_rel_trans]
  51 >> `s6.contexts ≠ [] ∧ LENGTH s6.contexts = LENGTH s.contexts`
  by (rpt strip_tac >> gvs[same_frame_rel_def])
  52 >> drule_at (Pat`bind`) bind_psf_grows_extract
  53 >> simp[]
  54 >> qpat_x_assum`_ _ = (_,_)`kall_tac
  55 >> strip_tac
  56 >> gvs[]
  57 >> rename1`same_frame_rel s6 s7`
  58 >> `same_frame_rel s s7` by metis_tac[same_frame_rel_trans]
  59 >> `s7.contexts ≠ [] ∧ LENGTH s7.contexts = LENGTH s.contexts`
  by (rpt strip_tac >> gvs[same_frame_rel_def])
  60 >> drule_at (Pat`bind`) bind_psf_grows_extract
  61 >> simp[]
  62 >> qpat_x_assum`_ _ = (_,_)`kall_tac
  63 >> strip_tac
  64 >> gvs[]
  65 >> rename1`same_frame_rel s7 s8`
  66 >> `same_frame_rel s s8` by metis_tac[same_frame_rel_trans]
  67 >> `s8.contexts ≠ [] ∧ LENGTH s8.contexts = LENGTH s.contexts`
  by (rpt strip_tac >> gvs[same_frame_rel_def])
  68 >> drule_at (Pat`bind`) bind_psf_grows_extract
  69 >> simp[]
  70 >> qpat_x_assum`_ _ = (_,_)`kall_tac
  71 >> strip_tac
  72 >> gvs[]
  73 >> rename1`same_frame_rel s8 s9`
  74 >> `same_frame_rel s s9` by metis_tac[same_frame_rel_trans]
  75 >> `s9.contexts ≠ [] ∧ LENGTH s9.contexts = LENGTH s.contexts`
  by (rpt strip_tac >> gvs[same_frame_rel_def])
  76 >> drule_at (Pat`bind`) bind_psf_grows_extract
  77 >> simp[]
  78 >> qpat_x_assum`_ _ = (_,_)`kall_tac
  79 >> strip_tac
  80 >> gvs[]
  81 >> rename1`same_frame_rel s9 s0`
  82 >> `same_frame_rel s s0` by metis_tac[same_frame_rel_trans]
  83 >> `s0.contexts ≠ [] ∧ LENGTH s0.contexts = LENGTH s.contexts`
  by (rpt strip_tac >> gvs[same_frame_rel_def])
  84 >> drule_at (Pat`bind`) bind_psf_grows_extract
  85 >> simp[]
  86 >> qpat_x_assum`_ _ = (_,_)`kall_tac
  87 >> strip_tac
  88 >> gvs[]
  89 >> rename1`same_frame_rel s0 sa`
  90 >> `same_frame_rel s sa` by metis_tac[same_frame_rel_trans]
  91 >> `sa.contexts ≠ [] ∧ LENGTH sa.contexts = LENGTH s.contexts`
  by (rpt strip_tac >> gvs[same_frame_rel_def])
  92 >> drule_at (Pat`bind`) bind_psf_grows_extract
  93 >> simp[]
  94 >> qpat_x_assum`_ _ = (_,_)`kall_tac
  95 >> strip_tac
  96 >> gvs[]
  97 >> rename1`same_frame_rel sa sb`
  98 >> `same_frame_rel s sb` by metis_tac[same_frame_rel_trans]
  99 >> `sb.contexts ≠ [] ∧ LENGTH sb.contexts = LENGTH s.contexts`
  by (rpt strip_tac >> gvs[same_frame_rel_def])
  100 >> drule_at (Pat`bind`) bind_psf_grows_extract
  101 >> simp[]
  102 >> qpat_x_assum`_ _ = (_,_)`kall_tac
  103 >> strip_tac
  104 >> gvs[]
  105 >> rename1`same_frame_rel sb sc`
  106 >> `same_frame_rel s sc` by metis_tac[same_frame_rel_trans]
  107 >> `sc.contexts ≠ [] ∧ LENGTH sc.contexts = LENGTH s.contexts`
  by (rpt strip_tac >> gvs[same_frame_rel_def])
  108 >> drule_at (Pat`bind`) bind_psf_grows_extract
  109 >> simp[]
  110 >> qpat_x_assum`_ _ = (_,_)`kall_tac
  111 >> strip_tac
  112 >> gvs[]
  113 >> rename1`same_frame_rel sc sd`
  114 >> `same_frame_rel s sd` by metis_tac[same_frame_rel_trans]
  115 >> `sd.contexts ≠ [] ∧ LENGTH sd.contexts = LENGTH s.contexts`
  by (rpt strip_tac >> gvs[same_frame_rel_def])
  116 >> drule_at (Pat`bind`) bind_psf_grows_extract
  117 >> simp[]
  118 >> qpat_x_assum`_ _ = (_,_)`kall_tac
  119 >> strip_tac
  120 >> gvs[]
  121 >> rename1`same_frame_rel sd se`
  122 >> `same_frame_rel s se` by metis_tac[same_frame_rel_trans]
  123 >> `se.contexts ≠ [] ∧ LENGTH se.contexts = LENGTH s.contexts`
  by (rpt strip_tac >> gvs[same_frame_rel_def])
  124 >> gvs[Ntimes COND_RATOR 2]
  125 >> qmatch_asmsub_abbrev_tac`COND bbb _ _ = (_, _)`
  126 >> qpat_x_assum`COND bbb _ _ = _`mp_tac
  127 >> IF_CASES_TAC
  128 >- strip_tac
  129    >> drule_at (Pat`_ = (_, s')`) psf_imp_length_contexts_preserved
  130    >> simp[]
  131    >- solved
  132 >> IF_CASES_TAC
  133 >- strip_tac
  134    >> drule (REWRITE_RULE[length_preserves_def] length_preserves_abort_create_exists)
  135    >> simp[]
  136    >- solved
  137 >> strip_tac
  138 >> drule_all proceed_create_push_structure
  139 >> strip_tac
  140 >> `TL se.contexts = TL s.contexts` by gvs[same_frame_rel_def]
  141 >> gvs[]
  142 >> conj_asm1_tac
  143 >- qpat_x_assum`same_frame_rel s se`mp_tac
  144    >> simp[same_frame_rel_def]
  145    >> strip_tac
  146    >> Cases_on`s'.contexts`
  147    >> gvs[]
  148    >> Cases_on`t`
  149    >> gvs[]
  150    >> Cases_on`se.contexts`
  151    >> gvs[]
  152    >- solved
  153 >> rewrite_tac[Ntimes CONJ_ASSOC 3]
  154 >> conj_tac
  155 >> list_tac REVERSE_LT
  156 >- qpat_x_assum `proceed_create _ _ _ _ _ se = _` mp_tac
  157    >> rewrite_tac[proceed_create_def]
  158    >> simp[ignore_bind_def, bind_def, update_accounts_def, return_def,
          get_rollback_def, get_original_def, set_original_def, fail_def]
  159    >> strip_tac
  160    >> gvs[]
  161    >> drule push_context_effect
  162    >> strip_tac
  163    >> gvs[]
  164    >> simp[lookup_storage_def, lookup_account_def]
  165    >> qmatch_goalsub_abbrev_tac`SND (EL _ (slc uc _))`
  166    >> qmatch_goalsub_abbrev_tac`(SND (EL _ icc)).accounts _`
  167    >> gvs[push_context_def,return_def,execution_state_component_equality]
  168    >> gvs[account_already_created_def,lookup_account_def]
  169    >> Cases_on`s.contexts`
  170 >- gvs[]
  171    >> simp[]
  172    >> Cases_on`se.contexts`
  173 >- gvs[]
  174    >> simp[Abbr`slc`]
  175    >> gvs[set_last_accounts_def]
  176    >> simp[EL_SNOC]
  177    >> simp[Abbr`icc`]
  178    >> qmatch_goalsub_abbrev_tac`EL (LENGTH t) (SNOC sn fr)`
  179    >> `LENGTH fr = LENGTH t` by simp[Abbr`fr`]
  180    >> pop_assum(SUBST1_TAC o SYM)
  181    >> simp[EL_LENGTH_SNOC,Abbr`sn`]
  182    >> gvs[Abbr`fr`]
  183    >> `SND h = SND h'` by (
      qpat_x_assum`same_frame_rel s se`mp_tac >>
      simp[same_frame_rel_def] )
  184    >> simp[initial_msg_params_def]
  185    >> qspec_then`t`FULL_STRUCT_CASES_TAC SNOC_CASES >> gvs[]
  186    >> list_tac REVERSE_LT
  187 >- simp[LAST_CONS_SNOC, FRONT_CONS_SNOC]
  188    >> conj_tac
  189 >- Cases
  190    >> simp[EL_SNOC]
  191    >- solved
  192    >> simp[Abbr`uc`, update_account_def, APPLY_UPDATE_THM]
  193    >> gen_tac
  194    >> simp[LAST_CONS_SNOC]
  195    >- solved
  196    >> simp[Abbr`uc`, lookup_account_def, update_account_def, APPLY_UPDATE_THM]
  197    >- solved
  198 >> simp[GSYM CONJ_ASSOC]
  199 >> conj_tac
  200 >> list_tac REVERSE_LT
  201 >- reverse conj_tac
  202 >- metis_tac[SUBSET_TRANS, same_frame_rel_def]
  203    >> qpat_x_assum`same_frame_rel s se`mp_tac
  204    >> simp[same_frame_rel_def]
  205    >> strip_tac
  206    >> Cases_on`s.contexts`
  207 >- gvs[]
  208    >> simp[]
  209    >> Cases_on`s'.contexts`
  210 >- gvs[]
  211    >> simp[]
  212    >> Cases_on`t'`
  213 >- gvs[]
  214    >> simp[]
  215    >> Cases_on`se.contexts`
  216 >- gvs[]
  217    >> fs[]
  218    >- solved
  219 >> qpat_x_assum `proceed_create _ _ _ _ _ se = _` mp_tac
  220 >> simp[proceed_create_def]
  221 >> simp[ignore_bind_def, bind_def, update_accounts_def, return_def,
          get_rollback_def, get_original_def, set_original_def, fail_def]
  222 >> strip_tac
  223 >> gvs[]
  224 >> drule push_context_effect
  225 >> strip_tac
  226 >> gvs[]
  227 >> rpt strip_tac
  228 >> `i < LENGTH se.contexts` by gvs[same_frame_rel_def]
  229 >> simp[set_last_accounts_def]
  230 >> qmatch_goalsub_abbrev_tac`SNOC new`
  231 >> qhdtm_x_assum`push_context` kall_tac
  232 >> qpat_x_assum`_ = TL s.contexts`mp_tac
  233 >> simp[LIST_EQ_REWRITE]
  234 >> rewrite_tac[GSYM EL]
  235 >> Cases_on`i=0`
  236 >- Cases_on`FRONT se.contexts = []`
  237 >- gvs[]
  238    >> gvs[Abbr`new`]
  239    >> Cases_on`se.contexts`
  240    >> gvs[]
  241    >> Cases_on`s.contexts`
  242    >> gvs[]
  243    >> qpat_x_assum`same_frame_rel s se`mp_tac
  244    >> simp[same_frame_rel_def]
  245    >- solved
  246    >> rewrite_tac[GSYM EL]
  247    >> DEP_REWRITE_TAC[EL_SNOC]
  248    >> simp[LENGTH_FRONT]
  249    >> simp[PRE_SUB1]
  250    >> Cases_on`se.contexts`
  251    >> gvs[]
  252    >> Cases_on`s.contexts`
  253    >> gvs[]
  254    >> Cases_on`t`
  255    >> gvs[]
  256    >> qpat_x_assum`same_frame_rel s se`mp_tac
  257    >> simp[same_frame_rel_def]
  258    >- solved
  259 >> Cases_on`i = LENGTH s.contexts - 1`
  260 >- `i = LENGTH (FRONT se.contexts)` by simp[LENGTH_FRONT]
  261    >> pop_assum SUBST1_TAC
  262    >> simp[EL_LENGTH_SNOC]
  263    >> simp[Abbr`new`, LENGTH_FRONT, GSYM LAST_EL]
  264    >> simp[LAST_EL]
  265    >> strip_tac
  266    >> AP_TERM_TAC
  267    >> AP_TERM_TAC
  268    >> first_x_assum(qspec_then`PRE i`mp_tac)
  269    >> simp[PRE_SUB1,ADD1]
  270    >- solved
  271 >> strip_tac
  272 >> simp[EL_SNOC, LENGTH_FRONT, EL_FRONT, NULL_EQ]
  273 >> first_x_assum(qspec_then`PRE i`mp_tac)
  274 >> simp[ADD1, PRE_SUB1]
