holbuild proof-ir plan ATheory:step_create_push_structure source=src/AScript.sml (490 steps)
  00 step simp[step_create_def]
  01 step strip_tac
  02 step qmatch_asmsub_abbrev_tac`pop_stack n`
  03 each
  04   step by-subgoal `preserves_same_frame (pop_stack n)`
  05   select first solve
  06     step simp[]
  07   end
  08 end
  09 step drule_at (Pat`bind`) bind_psf_grows_extract
  10 step simp[]
  11 step qpat_x_assum`_ = (_,_)`kall_tac
  12 step strip_tac
  13 step gvs[]
  14 each
  15   step by-subgoal `sm.contexts ≠ []`
  16   select first solve
  17     step strip_tac
  18     step gvs[same_frame_rel_def]
  19   end
  20 end
  21 each
  22   step by-subgoal `LENGTH sm.contexts = LENGTH s.contexts`
  23   select first solve
  24     step gvs[same_frame_rel_def]
  25   end
  26 end
  27 step drule_at (Pat`bind`) bind_psf_grows_extract
  28 step simp[]
  29 step qpat_x_assum`_ sm = (_,_)`kall_tac
  30 step strip_tac
  31 step gvs[]
  32 step rename1`same_frame_rel sm s2`
  33 each
  34   step by-subgoal `same_frame_rel s s2`
  35   select first solve
  36     step metis_tac[same_frame_rel_trans]
  37   end
  38 end
  39 each
  40   step by-subgoal `s2.contexts ≠ [] ∧ LENGTH s2.contexts = LENGTH s.contexts`
  41   select first solve
  42     step rpt strip_tac
  43     step gvs[same_frame_rel_def]
  44   end
  45 end
  46 step gvs[ignore_bind_def]
  47 step drule_at (Pat`bind`) bind_psf_grows_extract
  48 step simp[]
  49 step qpat_x_assum`_ _ = (_,_)`kall_tac
  50 step strip_tac
  51 step gvs[]
  52 step rename1`same_frame_rel s2 s3`
  53 each
  54   step by-subgoal `same_frame_rel s s3`
  55   select first solve
  56     step metis_tac[same_frame_rel_trans]
  57   end
  58 end
  59 each
  60   step by-subgoal `s3.contexts ≠ [] ∧ LENGTH s3.contexts = LENGTH s.contexts`
  61   select first solve
  62     step rpt strip_tac
  63     step gvs[same_frame_rel_def]
  64   end
  65 end
  66 step drule_at (Pat`bind`) bind_psf_grows_extract
  67 step simp[]
  68 step qpat_x_assum`_ _ = (_,_)`kall_tac
  69 step strip_tac
  70 step gvs[]
  71 step rename1`same_frame_rel s3 s4`
  72 each
  73   step by-subgoal `same_frame_rel s s4`
  74   select first solve
  75     step metis_tac[same_frame_rel_trans]
  76   end
  77 end
  78 each
  79   step by-subgoal `s4.contexts ≠ [] ∧ LENGTH s4.contexts = LENGTH s.contexts`
  80   select first solve
  81     step rpt strip_tac
  82     step gvs[same_frame_rel_def]
  83   end
  84 end
  85 step drule_at (Pat`bind`) bind_psf_grows_extract
  86 step simp[]
  87 step qpat_x_assum`_ _ = (_,_)`kall_tac
  88 step strip_tac
  89 step gvs[]
  90 step rename1`same_frame_rel s4 s5`
  91 each
  92   step by-subgoal `same_frame_rel s s5`
  93   select first solve
  94     step metis_tac[same_frame_rel_trans]
  95   end
  96 end
  97 each
  98   step by-subgoal `s5.contexts ≠ [] ∧ LENGTH s5.contexts = LENGTH s.contexts`
  99   select first solve
  100     step rpt strip_tac
  101     step gvs[same_frame_rel_def]
  102   end
  103 end
  104 step drule_at (Pat`bind`) bind_psf_grows_extract
  105 step simp[]
  106 step qpat_x_assum`_ _ = (_,_)`kall_tac
  107 step strip_tac
  108 step gvs[]
  109 step rename1`same_frame_rel s5 s6`
  110 each
  111   step by-subgoal `same_frame_rel s s6`
  112   select first solve
  113     step metis_tac[same_frame_rel_trans]
  114   end
  115 end
  116 each
  117   step by-subgoal `s6.contexts ≠ [] ∧ LENGTH s6.contexts = LENGTH s.contexts`
  118   select first solve
  119     step rpt strip_tac
  120     step gvs[same_frame_rel_def]
  121   end
  122 end
  123 step drule_at (Pat`bind`) bind_psf_grows_extract
  124 step simp[]
  125 step qpat_x_assum`_ _ = (_,_)`kall_tac
  126 step strip_tac
  127 step gvs[]
  128 step rename1`same_frame_rel s6 s7`
  129 each
  130   step by-subgoal `same_frame_rel s s7`
  131   select first solve
  132     step metis_tac[same_frame_rel_trans]
  133   end
  134 end
  135 each
  136   step by-subgoal `s7.contexts ≠ [] ∧ LENGTH s7.contexts = LENGTH s.contexts`
  137   select first solve
  138     step rpt strip_tac
  139     step gvs[same_frame_rel_def]
  140   end
  141 end
  142 step drule_at (Pat`bind`) bind_psf_grows_extract
  143 step simp[]
  144 step qpat_x_assum`_ _ = (_,_)`kall_tac
  145 step strip_tac
  146 step gvs[]
  147 step rename1`same_frame_rel s7 s8`
  148 each
  149   step by-subgoal `same_frame_rel s s8`
  150   select first solve
  151     step metis_tac[same_frame_rel_trans]
  152   end
  153 end
  154 each
  155   step by-subgoal `s8.contexts ≠ [] ∧ LENGTH s8.contexts = LENGTH s.contexts`
  156   select first solve
  157     step rpt strip_tac
  158     step gvs[same_frame_rel_def]
  159   end
  160 end
  161 step drule_at (Pat`bind`) bind_psf_grows_extract
  162 step simp[]
  163 step qpat_x_assum`_ _ = (_,_)`kall_tac
  164 step strip_tac
  165 step gvs[]
  166 step rename1`same_frame_rel s8 s9`
  167 each
  168   step by-subgoal `same_frame_rel s s9`
  169   select first solve
  170     step metis_tac[same_frame_rel_trans]
  171   end
  172 end
  173 each
  174   step by-subgoal `s9.contexts ≠ [] ∧ LENGTH s9.contexts = LENGTH s.contexts`
  175   select first solve
  176     step rpt strip_tac
  177     step gvs[same_frame_rel_def]
  178   end
  179 end
  180 step drule_at (Pat`bind`) bind_psf_grows_extract
  181 step simp[]
  182 step qpat_x_assum`_ _ = (_,_)`kall_tac
  183 step strip_tac
  184 step gvs[]
  185 step rename1`same_frame_rel s9 s0`
  186 each
  187   step by-subgoal `same_frame_rel s s0`
  188   select first solve
  189     step metis_tac[same_frame_rel_trans]
  190   end
  191 end
  192 each
  193   step by-subgoal `s0.contexts ≠ [] ∧ LENGTH s0.contexts = LENGTH s.contexts`
  194   select first solve
  195     step rpt strip_tac
  196     step gvs[same_frame_rel_def]
  197   end
  198 end
  199 step drule_at (Pat`bind`) bind_psf_grows_extract
  200 step simp[]
  201 step qpat_x_assum`_ _ = (_,_)`kall_tac
  202 step strip_tac
  203 step gvs[]
  204 step rename1`same_frame_rel s0 sa`
  205 each
  206   step by-subgoal `same_frame_rel s sa`
  207   select first solve
  208     step metis_tac[same_frame_rel_trans]
  209   end
  210 end
  211 each
  212   step by-subgoal `sa.contexts ≠ [] ∧ LENGTH sa.contexts = LENGTH s.contexts`
  213   select first solve
  214     step rpt strip_tac
  215     step gvs[same_frame_rel_def]
  216   end
  217 end
  218 step drule_at (Pat`bind`) bind_psf_grows_extract
  219 step simp[]
  220 step qpat_x_assum`_ _ = (_,_)`kall_tac
  221 step strip_tac
  222 step gvs[]
  223 step rename1`same_frame_rel sa sb`
  224 each
  225   step by-subgoal `same_frame_rel s sb`
  226   select first solve
  227     step metis_tac[same_frame_rel_trans]
  228   end
  229 end
  230 each
  231   step by-subgoal `sb.contexts ≠ [] ∧ LENGTH sb.contexts = LENGTH s.contexts`
  232   select first solve
  233     step rpt strip_tac
  234     step gvs[same_frame_rel_def]
  235   end
  236 end
  237 step drule_at (Pat`bind`) bind_psf_grows_extract
  238 step simp[]
  239 step qpat_x_assum`_ _ = (_,_)`kall_tac
  240 step strip_tac
  241 step gvs[]
  242 step rename1`same_frame_rel sb sc`
  243 each
  244   step by-subgoal `same_frame_rel s sc`
  245   select first solve
  246     step metis_tac[same_frame_rel_trans]
  247   end
  248 end
  249 each
  250   step by-subgoal `sc.contexts ≠ [] ∧ LENGTH sc.contexts = LENGTH s.contexts`
  251   select first solve
  252     step rpt strip_tac
  253     step gvs[same_frame_rel_def]
  254   end
  255 end
  256 step drule_at (Pat`bind`) bind_psf_grows_extract
  257 step simp[]
  258 step qpat_x_assum`_ _ = (_,_)`kall_tac
  259 step strip_tac
  260 step gvs[]
  261 step rename1`same_frame_rel sc sd`
  262 each
  263   step by-subgoal `same_frame_rel s sd`
  264   select first solve
  265     step metis_tac[same_frame_rel_trans]
  266   end
  267 end
  268 each
  269   step by-subgoal `sd.contexts ≠ [] ∧ LENGTH sd.contexts = LENGTH s.contexts`
  270   select first solve
  271     step rpt strip_tac
  272     step gvs[same_frame_rel_def]
  273   end
  274 end
  275 step drule_at (Pat`bind`) bind_psf_grows_extract
  276 step simp[]
  277 step qpat_x_assum`_ _ = (_,_)`kall_tac
  278 step strip_tac
  279 step gvs[]
  280 step rename1`same_frame_rel sd se`
  281 each
  282   step by-subgoal `same_frame_rel s se`
  283   select first solve
  284     step metis_tac[same_frame_rel_trans]
  285   end
  286 end
  287 each
  288   step by-subgoal `se.contexts ≠ [] ∧ LENGTH se.contexts = LENGTH s.contexts`
  289   select first solve
  290     step rpt strip_tac
  291     step gvs[same_frame_rel_def]
  292   end
  293 end
  294 step gvs[Ntimes COND_RATOR 2]
  295 step qmatch_asmsub_abbrev_tac`COND bbb _ _ = (_, _)`
  296 step qpat_x_assum`COND bbb _ _ = _`mp_tac
  297 step IF_CASES_TAC
  298 select first solve
  299   step strip_tac
  300   step drule_at (Pat`_ = (_, s')`) psf_imp_length_contexts_preserved
  301   step simp[]
  302 end
  303 step IF_CASES_TAC
  304 select first solve
  305   step strip_tac
  306   step drule (REWRITE_RULE[length_preserves_def] length_preserves_abort_create_exists)
  307   step simp[]
  308 end
  309 step strip_tac
  310 step drule_all proceed_create_push_structure
  311 step strip_tac
  312 each
  313   step by-subgoal `TL se.contexts = TL s.contexts`
  314   select first solve
  315     step gvs[same_frame_rel_def]
  316   end
  317 end
  318 step gvs[]
  319 step conj_asm1_tac
  320 select first solve
  321   step qpat_x_assum`same_frame_rel s se`mp_tac
  322   step simp[same_frame_rel_def]
  323   step strip_tac
  324   step Cases_on`s'.contexts`
  325   step gvs[]
  326   step Cases_on`t`
  327   step gvs[]
  328   step Cases_on`se.contexts`
  329   step gvs[]
  330 end
  331 step rewrite_tac[Ntimes CONJ_ASSOC 3]
  332 step reverse conj_tac
  333 select first solve
  334   step qpat_x_assum `proceed_create _ _ _ _ _ se = _` mp_tac
  335   step rewrite_tac[proceed_create_def]
  336   step simp[ignore_bind_def, bind_def, update_accounts_def, return_def,
          get_rollback_def, get_original_def, set_original_def, fail_def]
  337   step strip_tac
  338   step gvs[]
  339   step drule push_context_effect
  340   step strip_tac
  341   step gvs[]
  342   step simp[lookup_storage_def, lookup_account_def]
  343   step qmatch_goalsub_abbrev_tac`SND (EL _ (slc uc _))`
  344   step qmatch_goalsub_abbrev_tac`(SND (EL _ icc)).accounts _`
  345   step gvs[push_context_def,return_def,execution_state_component_equality]
  346   step gvs[account_already_created_def,lookup_account_def]
  347   step Cases_on`s.contexts`
  348   select first solve
  349     step gvs[]
  350   end
  351   step simp[]
  352   step Cases_on`se.contexts`
  353   select first solve
  354     step gvs[]
  355   end
  356   step simp[Abbr`slc`]
  357   step gvs[set_last_accounts_def]
  358   step simp[EL_SNOC]
  359   step simp[Abbr`icc`]
  360   step qmatch_goalsub_abbrev_tac`EL (LENGTH t) (SNOC sn fr)`
  361   each
  362     step by-subgoal `LENGTH fr = LENGTH t`
  363     select first solve
  364       step simp[Abbr`fr`]
  365     end
  366   end
  367   step pop_assum(SUBST1_TAC o SYM)
  368   step simp[EL_LENGTH_SNOC,Abbr`sn`]
  369   step gvs[Abbr`fr`]
  370   each
  371     step by-subgoal `SND h = SND h'`
  372     select first solve
  373       step qpat_x_assum`same_frame_rel s se`mp_tac
  374       step simp[same_frame_rel_def]
  375     end
  376   end
  377   step simp[initial_msg_params_def]
  378   step reverse(qspec_then`t`FULL_STRUCT_CASES_TAC SNOC_CASES >> gvs[])
  379   select first solve
  380     step simp[LAST_CONS_SNOC, FRONT_CONS_SNOC]
  381     step conj_tac
  382     select first solve
  383       step Cases
  384       step simp[EL_SNOC]
  385     end
  386     step simp[Abbr`uc`, update_account_def, APPLY_UPDATE_THM]
  387     step gen_tac
  388     step simp[LAST_CONS_SNOC]
  389   end
  390   step simp[Abbr`uc`, lookup_account_def, update_account_def, APPLY_UPDATE_THM]
  391 end
  392 step simp[GSYM CONJ_ASSOC]
  393 step reverse conj_tac
  394 select first solve
  395   step reverse conj_tac
  396   select first solve
  397     step metis_tac[SUBSET_TRANS, same_frame_rel_def]
  398   end
  399   step qpat_x_assum`same_frame_rel s se`mp_tac
  400   step simp[same_frame_rel_def]
  401   step strip_tac
  402   step Cases_on`s.contexts`
  403   select first solve
  404     step gvs[]
  405   end
  406   step simp[]
  407   step Cases_on`s'.contexts`
  408   select first solve
  409     step gvs[]
  410   end
  411   step simp[]
  412   step Cases_on`t'`
  413   select first solve
  414     step gvs[]
  415   end
  416   step simp[]
  417   step Cases_on`se.contexts`
  418   select first solve
  419     step gvs[]
  420   end
  421   step fs[]
  422 end
  423 step qpat_x_assum `proceed_create _ _ _ _ _ se = _` mp_tac
  424 step simp[proceed_create_def]
  425 step simp[ignore_bind_def, bind_def, update_accounts_def, return_def,
          get_rollback_def, get_original_def, set_original_def, fail_def]
  426 step strip_tac
  427 step gvs[]
  428 step drule push_context_effect
  429 step strip_tac
  430 step gvs[]
  431 step rpt strip_tac
  432 each
  433   step by-subgoal `i < LENGTH se.contexts`
  434   select first solve
  435     step gvs[same_frame_rel_def]
  436   end
  437 end
  438 step simp[set_last_accounts_def]
  439 step qmatch_goalsub_abbrev_tac`SNOC new`
  440 step qhdtm_x_assum`push_context` kall_tac
  441 step qpat_x_assum`_ = TL s.contexts`mp_tac
  442 step simp[LIST_EQ_REWRITE]
  443 step rewrite_tac[GSYM EL]
  444 step Cases_on`i=0`
  445 select first solve
  446   step Cases_on`FRONT se.contexts = []`
  447   select first solve
  448     step gvs[]
  449     step gvs[Abbr`new`]
  450     step Cases_on`se.contexts`
  451     step gvs[]
  452     step Cases_on`s.contexts`
  453     step gvs[]
  454     step qpat_x_assum`same_frame_rel s se`mp_tac
  455     step simp[same_frame_rel_def]
  456   end
  457   step rewrite_tac[GSYM EL]
  458   step DEP_REWRITE_TAC[EL_SNOC]
  459   step simp[LENGTH_FRONT]
  460   step simp[PRE_SUB1]
  461   step Cases_on`se.contexts`
  462   step gvs[]
  463   step Cases_on`s.contexts`
  464   step gvs[]
  465   step Cases_on`t`
  466   step gvs[]
  467   step qpat_x_assum`same_frame_rel s se`mp_tac
  468   step simp[same_frame_rel_def]
  469 end
  470 step Cases_on`i = LENGTH s.contexts - 1`
  471 select first solve
  472   step by-subgoal `i = LENGTH (FRONT se.contexts)`
  473   select first solve
  474     step simp[LENGTH_FRONT]
  475   end
  476   step pop_assum SUBST1_TAC
  477   step simp[EL_LENGTH_SNOC]
  478   step simp[Abbr`new`, LENGTH_FRONT, GSYM LAST_EL]
  479   step simp[LAST_EL]
  480   step strip_tac
  481   step AP_TERM_TAC
  482   step AP_TERM_TAC
  483   step first_x_assum(qspec_then`PRE i`mp_tac)
  484   step simp[PRE_SUB1,ADD1]
  485 end
  486 step strip_tac
  487 step simp[EL_SNOC, LENGTH_FRONT, EL_FRONT, NULL_EQ]
  488 step first_x_assum(qspec_then`PRE i`mp_tac)
  489 step simp[ADD1, PRE_SUB1]
