holbuild goalfrag plan ATheory:step_create_push_structure source=src/AScript.sml (319 steps)
  00 simp[step_create_def]
  01 >> strip_tac
  02 >> qmatch_asmsub_abbrev_tac`pop_stack n`
  03 >> sg `preserves_same_frame (pop_stack n)`
  04   >- simp[]
  05 >> drule_at (Pat`bind`) bind_psf_grows_extract
  06 >> simp[]
  07 >> qpat_x_assum`_ = (_,_)`kall_tac
  08 >> strip_tac
  09 >> gvs[]
  10 >> sg `sm.contexts ≠ []`
  11   >- strip_tac
  12   >> gvs[same_frame_rel_def]
  13 >> sg `LENGTH sm.contexts = LENGTH s.contexts`
  14   >- gvs[same_frame_rel_def]
  15 >> drule_at (Pat`bind`) bind_psf_grows_extract
  16 >> simp[]
  17 >> qpat_x_assum`_ sm = (_,_)`kall_tac
  18 >> strip_tac
  19 >> gvs[]
  20 >> rename1`same_frame_rel sm s2`
  21 >> sg `same_frame_rel s s2`
  22   >- metis_tac[same_frame_rel_trans]
  23 >> sg `s2.contexts ≠ [] ∧ LENGTH s2.contexts = LENGTH s.contexts`
  24   >- rpt strip_tac
  25   >> gvs[same_frame_rel_def]
  26 >> gvs[ignore_bind_def]
  27 >> drule_at (Pat`bind`) bind_psf_grows_extract
  28 >> simp[]
  29 >> qpat_x_assum`_ _ = (_,_)`kall_tac
  30 >> strip_tac
  31 >> gvs[]
  32 >> rename1`same_frame_rel s2 s3`
  33 >> sg `same_frame_rel s s3`
  34   >- metis_tac[same_frame_rel_trans]
  35 >> sg `s3.contexts ≠ [] ∧ LENGTH s3.contexts = LENGTH s.contexts`
  36   >- rpt strip_tac
  37   >> gvs[same_frame_rel_def]
  38 >> drule_at (Pat`bind`) bind_psf_grows_extract
  39 >> simp[]
  40 >> qpat_x_assum`_ _ = (_,_)`kall_tac
  41 >> strip_tac
  42 >> gvs[]
  43 >> rename1`same_frame_rel s3 s4`
  44 >> sg `same_frame_rel s s4`
  45   >- metis_tac[same_frame_rel_trans]
  46 >> sg `s4.contexts ≠ [] ∧ LENGTH s4.contexts = LENGTH s.contexts`
  47   >- rpt strip_tac
  48   >> gvs[same_frame_rel_def]
  49 >> drule_at (Pat`bind`) bind_psf_grows_extract
  50 >> simp[]
  51 >> qpat_x_assum`_ _ = (_,_)`kall_tac
  52 >> strip_tac
  53 >> gvs[]
  54 >> rename1`same_frame_rel s4 s5`
  55 >> sg `same_frame_rel s s5`
  56   >- metis_tac[same_frame_rel_trans]
  57 >> sg `s5.contexts ≠ [] ∧ LENGTH s5.contexts = LENGTH s.contexts`
  58   >- rpt strip_tac
  59   >> gvs[same_frame_rel_def]
  60 >> drule_at (Pat`bind`) bind_psf_grows_extract
  61 >> simp[]
  62 >> qpat_x_assum`_ _ = (_,_)`kall_tac
  63 >> strip_tac
  64 >> gvs[]
  65 >> rename1`same_frame_rel s5 s6`
  66 >> sg `same_frame_rel s s6`
  67   >- metis_tac[same_frame_rel_trans]
  68 >> sg `s6.contexts ≠ [] ∧ LENGTH s6.contexts = LENGTH s.contexts`
  69   >- rpt strip_tac
  70   >> gvs[same_frame_rel_def]
  71 >> drule_at (Pat`bind`) bind_psf_grows_extract
  72 >> simp[]
  73 >> qpat_x_assum`_ _ = (_,_)`kall_tac
  74 >> strip_tac
  75 >> gvs[]
  76 >> rename1`same_frame_rel s6 s7`
  77 >> sg `same_frame_rel s s7`
  78   >- metis_tac[same_frame_rel_trans]
  79 >> sg `s7.contexts ≠ [] ∧ LENGTH s7.contexts = LENGTH s.contexts`
  80   >- rpt strip_tac
  81   >> gvs[same_frame_rel_def]
  82 >> drule_at (Pat`bind`) bind_psf_grows_extract
  83 >> simp[]
  84 >> qpat_x_assum`_ _ = (_,_)`kall_tac
  85 >> strip_tac
  86 >> gvs[]
  87 >> rename1`same_frame_rel s7 s8`
  88 >> sg `same_frame_rel s s8`
  89   >- metis_tac[same_frame_rel_trans]
  90 >> sg `s8.contexts ≠ [] ∧ LENGTH s8.contexts = LENGTH s.contexts`
  91   >- rpt strip_tac
  92   >> gvs[same_frame_rel_def]
  93 >> drule_at (Pat`bind`) bind_psf_grows_extract
  94 >> simp[]
  95 >> qpat_x_assum`_ _ = (_,_)`kall_tac
  96 >> strip_tac
  97 >> gvs[]
  98 >> rename1`same_frame_rel s8 s9`
  99 >> sg `same_frame_rel s s9`
  100   >- metis_tac[same_frame_rel_trans]
  101 >> sg `s9.contexts ≠ [] ∧ LENGTH s9.contexts = LENGTH s.contexts`
  102   >- rpt strip_tac
  103   >> gvs[same_frame_rel_def]
  104 >> drule_at (Pat`bind`) bind_psf_grows_extract
  105 >> simp[]
  106 >> qpat_x_assum`_ _ = (_,_)`kall_tac
  107 >> strip_tac
  108 >> gvs[]
  109 >> rename1`same_frame_rel s9 s0`
  110 >> sg `same_frame_rel s s0`
  111   >- metis_tac[same_frame_rel_trans]
  112 >> sg `s0.contexts ≠ [] ∧ LENGTH s0.contexts = LENGTH s.contexts`
  113   >- rpt strip_tac
  114   >> gvs[same_frame_rel_def]
  115 >> drule_at (Pat`bind`) bind_psf_grows_extract
  116 >> simp[]
  117 >> qpat_x_assum`_ _ = (_,_)`kall_tac
  118 >> strip_tac
  119 >> gvs[]
  120 >> rename1`same_frame_rel s0 sa`
  121 >> sg `same_frame_rel s sa`
  122   >- metis_tac[same_frame_rel_trans]
  123 >> sg `sa.contexts ≠ [] ∧ LENGTH sa.contexts = LENGTH s.contexts`
  124   >- rpt strip_tac
  125   >> gvs[same_frame_rel_def]
  126 >> drule_at (Pat`bind`) bind_psf_grows_extract
  127 >> simp[]
  128 >> qpat_x_assum`_ _ = (_,_)`kall_tac
  129 >> strip_tac
  130 >> gvs[]
  131 >> rename1`same_frame_rel sa sb`
  132 >> sg `same_frame_rel s sb`
  133   >- metis_tac[same_frame_rel_trans]
  134 >> sg `sb.contexts ≠ [] ∧ LENGTH sb.contexts = LENGTH s.contexts`
  135   >- rpt strip_tac
  136   >> gvs[same_frame_rel_def]
  137 >> drule_at (Pat`bind`) bind_psf_grows_extract
  138 >> simp[]
  139 >> qpat_x_assum`_ _ = (_,_)`kall_tac
  140 >> strip_tac
  141 >> gvs[]
  142 >> rename1`same_frame_rel sb sc`
  143 >> sg `same_frame_rel s sc`
  144   >- metis_tac[same_frame_rel_trans]
  145 >> sg `sc.contexts ≠ [] ∧ LENGTH sc.contexts = LENGTH s.contexts`
  146   >- rpt strip_tac
  147   >> gvs[same_frame_rel_def]
  148 >> drule_at (Pat`bind`) bind_psf_grows_extract
  149 >> simp[]
  150 >> qpat_x_assum`_ _ = (_,_)`kall_tac
  151 >> strip_tac
  152 >> gvs[]
  153 >> rename1`same_frame_rel sc sd`
  154 >> sg `same_frame_rel s sd`
  155   >- metis_tac[same_frame_rel_trans]
  156 >> sg `sd.contexts ≠ [] ∧ LENGTH sd.contexts = LENGTH s.contexts`
  157   >- rpt strip_tac
  158   >> gvs[same_frame_rel_def]
  159 >> drule_at (Pat`bind`) bind_psf_grows_extract
  160 >> simp[]
  161 >> qpat_x_assum`_ _ = (_,_)`kall_tac
  162 >> strip_tac
  163 >> gvs[]
  164 >> rename1`same_frame_rel sd se`
  165 >> sg `same_frame_rel s se`
  166   >- metis_tac[same_frame_rel_trans]
  167 >> sg `se.contexts ≠ [] ∧ LENGTH se.contexts = LENGTH s.contexts`
  168   >- rpt strip_tac
  169   >> gvs[same_frame_rel_def]
  170 >> gvs[Ntimes COND_RATOR 2]
  171 >> qmatch_asmsub_abbrev_tac`COND bbb _ _ = (_, _)`
  172 >> qpat_x_assum`COND bbb _ _ = _`mp_tac
  173 >> IF_CASES_TAC
  174   >- strip_tac
  175   >> drule_at (Pat`_ = (_, s')`) psf_imp_length_contexts_preserved
  176   >> simp[]
  177 >> IF_CASES_TAC
  178   >- strip_tac
  179   >> drule (REWRITE_RULE[length_preserves_def] length_preserves_abort_create_exists)
  180   >> simp[]
  181 >> strip_tac
  182 >> drule_all proceed_create_push_structure
  183 >> strip_tac
  184 >> sg `TL se.contexts = TL s.contexts`
  185   >- gvs[same_frame_rel_def]
  186 >> gvs[]
  187 >> conj_asm1_tac
  188   >- qpat_x_assum`same_frame_rel s se`mp_tac
  189   >> simp[same_frame_rel_def]
  190   >> strip_tac
  191   >> Cases_on`s'.contexts`
  192   >> gvs[]
  193   >> Cases_on`t`
  194   >> gvs[]
  195   >> Cases_on`se.contexts`
  196   >> gvs[]
  197 >> rewrite_tac[Ntimes CONJ_ASSOC 3]
  198 >> conj_tac
  199 >> list_tac Tactical.REVERSE_LT
  200   >- qpat_x_assum `proceed_create _ _ _ _ _ se = _` mp_tac
  201   >> rewrite_tac[proceed_create_def]
  202   >> simp[ignore_bind_def, bind_def, update_accounts_def, return_def,
                 get_rollback_def, get_original_def, set_original_def, fail_def]
  203   >> strip_tac
  204   >> gvs[]
  205   >> drule push_context_effect
  206   >> strip_tac
  207   >> gvs[]
  208   >> simp[lookup_storage_def, lookup_account_def]
  209   >> qmatch_goalsub_abbrev_tac`SND (EL _ (slc uc _))`
  210   >> qmatch_goalsub_abbrev_tac`(SND (EL _ icc)).accounts _`
  211   >> gvs[push_context_def,return_def,execution_state_component_equality]
  212   >> gvs[account_already_created_def,lookup_account_def]
  213   >> Cases_on`s.contexts`
  214     >- gvs[]
  215   >> simp[]
  216   >> Cases_on`se.contexts`
  217     >- gvs[]
  218   >> simp[Abbr`slc`]
  219   >> gvs[set_last_accounts_def]
  220   >> simp[EL_SNOC]
  221   >> simp[Abbr`icc`]
  222   >> qmatch_goalsub_abbrev_tac`EL (LENGTH t) (SNOC sn fr)`
  223   >> sg `LENGTH fr = LENGTH t`
  224     >- simp[Abbr`fr`]
  225   >> pop_assum(SUBST1_TAC o SYM)
  226   >> simp[EL_LENGTH_SNOC,Abbr`sn`]
  227   >> gvs[Abbr`fr`]
  228   >> sg `SND h = SND h'`
  229     >- qpat_x_assum`same_frame_rel s se`mp_tac
  230     >> simp[same_frame_rel_def]
  231   >> simp[initial_msg_params_def]
  232   >> qspec_then`t`FULL_STRUCT_CASES_TAC SNOC_CASES
  233   >> gvs[]
  234   >> list_tac Tactical.REVERSE_LT
  235     >- simp[LAST_CONS_SNOC, FRONT_CONS_SNOC]
  236     >> conj_tac
  237       >- Cases
  238       >> simp[EL_SNOC]
  239     >> simp[Abbr`uc`, update_account_def, APPLY_UPDATE_THM]
  240     >> gen_tac
  241     >> simp[LAST_CONS_SNOC]
  242   >> simp[Abbr`uc`, lookup_account_def, update_account_def, APPLY_UPDATE_THM]
  243 >> simp[GSYM CONJ_ASSOC]
  244 >> conj_tac
  245 >> list_tac Tactical.REVERSE_LT
  246   >- conj_tac
  247   >> list_tac Tactical.REVERSE_LT
  248     >- metis_tac[SUBSET_TRANS, same_frame_rel_def]
  249   >> qpat_x_assum`same_frame_rel s se`mp_tac
  250   >> simp[same_frame_rel_def]
  251   >> strip_tac
  252   >> Cases_on`s.contexts`
  253     >- gvs[]
  254   >> simp[]
  255   >> Cases_on`s'.contexts`
  256     >- gvs[]
  257   >> simp[]
  258   >> Cases_on`t'`
  259     >- gvs[]
  260   >> simp[]
  261   >> Cases_on`se.contexts`
  262     >- gvs[]
  263   >> fs[]
  264 >> qpat_x_assum `proceed_create _ _ _ _ _ se = _` mp_tac
  265 >> simp[proceed_create_def]
  266 >> simp[ignore_bind_def, bind_def, update_accounts_def, return_def,
               get_rollback_def, get_original_def, set_original_def, fail_def]
  267 >> strip_tac
  268 >> gvs[]
  269 >> drule push_context_effect
  270 >> strip_tac
  271 >> gvs[]
  272 >> rpt strip_tac
  273 >> sg `i < LENGTH se.contexts`
  274   >- gvs[same_frame_rel_def]
  275 >> simp[set_last_accounts_def]
  276 >> qmatch_goalsub_abbrev_tac`SNOC new`
  277 >> qhdtm_x_assum`push_context` kall_tac
  278 >> qpat_x_assum`_ = TL s.contexts`mp_tac
  279 >> simp[LIST_EQ_REWRITE]
  280 >> rewrite_tac[GSYM EL]
  281 >> Cases_on`i=0`
  282   >- Cases_on`FRONT se.contexts = []`
  283     >- gvs[]
  284     >> gvs[Abbr`new`]
  285     >> Cases_on`se.contexts`
  286     >> gvs[]
  287     >> Cases_on`s.contexts`
  288     >> gvs[]
  289     >> qpat_x_assum`same_frame_rel s se`mp_tac
  290     >> simp[same_frame_rel_def]
  291   >> rewrite_tac[GSYM EL]
  292   >> DEP_REWRITE_TAC[EL_SNOC]
  293   >> simp[LENGTH_FRONT]
  294   >> simp[PRE_SUB1]
  295   >> Cases_on`se.contexts`
  296   >> gvs[]
  297   >> Cases_on`s.contexts`
  298   >> gvs[]
  299   >> Cases_on`t`
  300   >> gvs[]
  301   >> qpat_x_assum`same_frame_rel s se`mp_tac
  302   >> simp[same_frame_rel_def]
  303 >> Cases_on`i = LENGTH s.contexts - 1`
  304   >- sg `i = LENGTH (FRONT se.contexts)`
  305     >- simp[LENGTH_FRONT]
  306   >> pop_assum SUBST1_TAC
  307   >> simp[EL_LENGTH_SNOC]
  308   >> simp[Abbr`new`, LENGTH_FRONT, GSYM LAST_EL]
  309   >> simp[LAST_EL]
  310   >> strip_tac
  311   >> AP_TERM_TAC
  312   >> AP_TERM_TAC
  313   >> first_x_assum(qspec_then`PRE i`mp_tac)
  314   >> simp[PRE_SUB1,ADD1]
  315 >> strip_tac
  316 >> simp[EL_SNOC, LENGTH_FRONT, EL_FRONT, NULL_EQ]
  317 >> first_x_assum(qspec_then`PRE i`mp_tac)
  318 >> simp[ADD1, PRE_SUB1]
