holbuild goalfrag plan ATheory:step_create_push_structure source=src/AScript.sml (371 steps)
  00 simp[step_create_def]
  01 >> strip_tac
  02 >> qmatch_asmsub_abbrev_tac`pop_stack n`
  03 >> sg `preserves_same_frame (pop_stack n)`
  04   >- simp[]
  05 >> drule_at (Pat`bind`) bind_psf_grows_extract
  06 >> simp[]
  07 >> qpat_x_assum`_ = (_,_)`kall_tac
  08 >> strip_tac
  09 >> gvs[]
  10 >> sg `sm.contexts ≠ []`
  11   >- {
  12     strip_tac
  13     >> gvs[same_frame_rel_def]
  14   }
  15 >> sg `LENGTH sm.contexts = LENGTH s.contexts`
  16   >- gvs[same_frame_rel_def]
  17 >> drule_at (Pat`bind`) bind_psf_grows_extract
  18 >> simp[]
  19 >> qpat_x_assum`_ sm = (_,_)`kall_tac
  20 >> strip_tac
  21 >> gvs[]
  22 >> rename1`same_frame_rel sm s2`
  23 >> sg `same_frame_rel s s2`
  24   >- metis_tac[same_frame_rel_trans]
  25 >> sg `s2.contexts ≠ [] ∧ LENGTH s2.contexts = LENGTH s.contexts`
  26   >- {
  27     rpt strip_tac
  28     >> gvs[same_frame_rel_def]
  29   }
  30 >> gvs[ignore_bind_def]
  31 >> drule_at (Pat`bind`) bind_psf_grows_extract
  32 >> simp[]
  33 >> qpat_x_assum`_ _ = (_,_)`kall_tac
  34 >> strip_tac
  35 >> gvs[]
  36 >> rename1`same_frame_rel s2 s3`
  37 >> sg `same_frame_rel s s3`
  38   >- metis_tac[same_frame_rel_trans]
  39 >> sg `s3.contexts ≠ [] ∧ LENGTH s3.contexts = LENGTH s.contexts`
  40   >- {
  41     rpt strip_tac
  42     >> gvs[same_frame_rel_def]
  43   }
  44 >> drule_at (Pat`bind`) bind_psf_grows_extract
  45 >> simp[]
  46 >> qpat_x_assum`_ _ = (_,_)`kall_tac
  47 >> strip_tac
  48 >> gvs[]
  49 >> rename1`same_frame_rel s3 s4`
  50 >> sg `same_frame_rel s s4`
  51   >- metis_tac[same_frame_rel_trans]
  52 >> sg `s4.contexts ≠ [] ∧ LENGTH s4.contexts = LENGTH s.contexts`
  53   >- {
  54     rpt strip_tac
  55     >> gvs[same_frame_rel_def]
  56   }
  57 >> drule_at (Pat`bind`) bind_psf_grows_extract
  58 >> simp[]
  59 >> qpat_x_assum`_ _ = (_,_)`kall_tac
  60 >> strip_tac
  61 >> gvs[]
  62 >> rename1`same_frame_rel s4 s5`
  63 >> sg `same_frame_rel s s5`
  64   >- metis_tac[same_frame_rel_trans]
  65 >> sg `s5.contexts ≠ [] ∧ LENGTH s5.contexts = LENGTH s.contexts`
  66   >- {
  67     rpt strip_tac
  68     >> gvs[same_frame_rel_def]
  69   }
  70 >> drule_at (Pat`bind`) bind_psf_grows_extract
  71 >> simp[]
  72 >> qpat_x_assum`_ _ = (_,_)`kall_tac
  73 >> strip_tac
  74 >> gvs[]
  75 >> rename1`same_frame_rel s5 s6`
  76 >> sg `same_frame_rel s s6`
  77   >- metis_tac[same_frame_rel_trans]
  78 >> sg `s6.contexts ≠ [] ∧ LENGTH s6.contexts = LENGTH s.contexts`
  79   >- {
  80     rpt strip_tac
  81     >> gvs[same_frame_rel_def]
  82   }
  83 >> drule_at (Pat`bind`) bind_psf_grows_extract
  84 >> simp[]
  85 >> qpat_x_assum`_ _ = (_,_)`kall_tac
  86 >> strip_tac
  87 >> gvs[]
  88 >> rename1`same_frame_rel s6 s7`
  89 >> sg `same_frame_rel s s7`
  90   >- metis_tac[same_frame_rel_trans]
  91 >> sg `s7.contexts ≠ [] ∧ LENGTH s7.contexts = LENGTH s.contexts`
  92   >- {
  93     rpt strip_tac
  94     >> gvs[same_frame_rel_def]
  95   }
  96 >> drule_at (Pat`bind`) bind_psf_grows_extract
  97 >> simp[]
  98 >> qpat_x_assum`_ _ = (_,_)`kall_tac
  99 >> strip_tac
  100 >> gvs[]
  101 >> rename1`same_frame_rel s7 s8`
  102 >> sg `same_frame_rel s s8`
  103   >- metis_tac[same_frame_rel_trans]
  104 >> sg `s8.contexts ≠ [] ∧ LENGTH s8.contexts = LENGTH s.contexts`
  105   >- {
  106     rpt strip_tac
  107     >> gvs[same_frame_rel_def]
  108   }
  109 >> drule_at (Pat`bind`) bind_psf_grows_extract
  110 >> simp[]
  111 >> qpat_x_assum`_ _ = (_,_)`kall_tac
  112 >> strip_tac
  113 >> gvs[]
  114 >> rename1`same_frame_rel s8 s9`
  115 >> sg `same_frame_rel s s9`
  116   >- metis_tac[same_frame_rel_trans]
  117 >> sg `s9.contexts ≠ [] ∧ LENGTH s9.contexts = LENGTH s.contexts`
  118   >- {
  119     rpt strip_tac
  120     >> gvs[same_frame_rel_def]
  121   }
  122 >> drule_at (Pat`bind`) bind_psf_grows_extract
  123 >> simp[]
  124 >> qpat_x_assum`_ _ = (_,_)`kall_tac
  125 >> strip_tac
  126 >> gvs[]
  127 >> rename1`same_frame_rel s9 s0`
  128 >> sg `same_frame_rel s s0`
  129   >- metis_tac[same_frame_rel_trans]
  130 >> sg `s0.contexts ≠ [] ∧ LENGTH s0.contexts = LENGTH s.contexts`
  131   >- {
  132     rpt strip_tac
  133     >> gvs[same_frame_rel_def]
  134   }
  135 >> drule_at (Pat`bind`) bind_psf_grows_extract
  136 >> simp[]
  137 >> qpat_x_assum`_ _ = (_,_)`kall_tac
  138 >> strip_tac
  139 >> gvs[]
  140 >> rename1`same_frame_rel s0 sa`
  141 >> sg `same_frame_rel s sa`
  142   >- metis_tac[same_frame_rel_trans]
  143 >> sg `sa.contexts ≠ [] ∧ LENGTH sa.contexts = LENGTH s.contexts`
  144   >- {
  145     rpt strip_tac
  146     >> gvs[same_frame_rel_def]
  147   }
  148 >> drule_at (Pat`bind`) bind_psf_grows_extract
  149 >> simp[]
  150 >> qpat_x_assum`_ _ = (_,_)`kall_tac
  151 >> strip_tac
  152 >> gvs[]
  153 >> rename1`same_frame_rel sa sb`
  154 >> sg `same_frame_rel s sb`
  155   >- metis_tac[same_frame_rel_trans]
  156 >> sg `sb.contexts ≠ [] ∧ LENGTH sb.contexts = LENGTH s.contexts`
  157   >- {
  158     rpt strip_tac
  159     >> gvs[same_frame_rel_def]
  160   }
  161 >> drule_at (Pat`bind`) bind_psf_grows_extract
  162 >> simp[]
  163 >> qpat_x_assum`_ _ = (_,_)`kall_tac
  164 >> strip_tac
  165 >> gvs[]
  166 >> rename1`same_frame_rel sb sc`
  167 >> sg `same_frame_rel s sc`
  168   >- metis_tac[same_frame_rel_trans]
  169 >> sg `sc.contexts ≠ [] ∧ LENGTH sc.contexts = LENGTH s.contexts`
  170   >- {
  171     rpt strip_tac
  172     >> gvs[same_frame_rel_def]
  173   }
  174 >> drule_at (Pat`bind`) bind_psf_grows_extract
  175 >> simp[]
  176 >> qpat_x_assum`_ _ = (_,_)`kall_tac
  177 >> strip_tac
  178 >> gvs[]
  179 >> rename1`same_frame_rel sc sd`
  180 >> sg `same_frame_rel s sd`
  181   >- metis_tac[same_frame_rel_trans]
  182 >> sg `sd.contexts ≠ [] ∧ LENGTH sd.contexts = LENGTH s.contexts`
  183   >- {
  184     rpt strip_tac
  185     >> gvs[same_frame_rel_def]
  186   }
  187 >> drule_at (Pat`bind`) bind_psf_grows_extract
  188 >> simp[]
  189 >> qpat_x_assum`_ _ = (_,_)`kall_tac
  190 >> strip_tac
  191 >> gvs[]
  192 >> rename1`same_frame_rel sd se`
  193 >> sg `same_frame_rel s se`
  194   >- metis_tac[same_frame_rel_trans]
  195 >> sg `se.contexts ≠ [] ∧ LENGTH se.contexts = LENGTH s.contexts`
  196   >- {
  197     rpt strip_tac
  198     >> gvs[same_frame_rel_def]
  199   }
  200 >> gvs[Ntimes COND_RATOR 2]
  201 >> qmatch_asmsub_abbrev_tac`COND bbb _ _ = (_, _)`
  202 >> qpat_x_assum`COND bbb _ _ = _`mp_tac
  203 >> IF_CASES_TAC
  204   >- {
  205     strip_tac
  206     >> drule_at (Pat`_ = (_, s')`) psf_imp_length_contexts_preserved
  207     >> simp[]
  208   }
  209 >> IF_CASES_TAC
  210   >- {
  211     strip_tac
  212     >> drule (REWRITE_RULE[length_preserves_def] length_preserves_abort_create_exists)
  213     >> simp[]
  214   }
  215 >> strip_tac
  216 >> drule_all proceed_create_push_structure
  217 >> strip_tac
  218 >> sg `TL se.contexts = TL s.contexts`
  219   >- gvs[same_frame_rel_def]
  220 >> gvs[]
  221 >> conj_asm1_tac
  222   >- {
  223     qpat_x_assum`same_frame_rel s se`mp_tac
  224     >> simp[same_frame_rel_def]
  225     >> strip_tac
  226     >> Cases_on`s'.contexts`
  227     >> gvs[]
  228     >> Cases_on`t`
  229     >> gvs[]
  230     >> Cases_on`se.contexts`
  231     >> gvs[]
  232   }
  233 >> rewrite_tac[Ntimes CONJ_ASSOC 3]
  234 >> conj_tac
  235 >> list_tac Tactical.REVERSE_LT
  236   >- {
  237     qpat_x_assum `proceed_create _ _ _ _ _ se = _` mp_tac
  238     >> rewrite_tac[proceed_create_def]
  239     >> simp[ignore_bind_def, bind_def, update_accounts_def, return_def,
                   get_rollback_def, get_original_def, set_original_def, fail_def]
  240     >> strip_tac
  241     >> gvs[]
  242     >> drule push_context_effect
  243     >> strip_tac
  244     >> gvs[]
  245     >> simp[lookup_storage_def, lookup_account_def]
  246     >> qmatch_goalsub_abbrev_tac`SND (EL _ (slc uc _))`
  247     >> qmatch_goalsub_abbrev_tac`(SND (EL _ icc)).accounts _`
  248     >> gvs[push_context_def,return_def,execution_state_component_equality]
  249     >> gvs[account_already_created_def,lookup_account_def]
  250     >> Cases_on`s.contexts`
  251       >- gvs[]
  252     >> simp[]
  253     >> Cases_on`se.contexts`
  254       >- gvs[]
  255     >> simp[Abbr`slc`]
  256     >> gvs[set_last_accounts_def]
  257     >> simp[EL_SNOC]
  258     >> simp[Abbr`icc`]
  259     >> qmatch_goalsub_abbrev_tac`EL (LENGTH t) (SNOC sn fr)`
  260     >> sg `LENGTH fr = LENGTH t`
  261       >- simp[Abbr`fr`]
  262     >> pop_assum(SUBST1_TAC o SYM)
  263     >> simp[EL_LENGTH_SNOC,Abbr`sn`]
  264     >> gvs[Abbr`fr`]
  265     >> sg `SND h = SND h'`
  266       >- {
  267         qpat_x_assum`same_frame_rel s se`mp_tac
  268         >> simp[same_frame_rel_def]
  269       }
  270     >> simp[initial_msg_params_def]
  271     >> qspec_then`t`FULL_STRUCT_CASES_TAC SNOC_CASES
  272     >> gvs[]
  273     >> list_tac Tactical.REVERSE_LT
  274       >- {
  275         simp[LAST_CONS_SNOC, FRONT_CONS_SNOC]
  276         >> conj_tac
  277           >- {
  278             Cases
  279             >> simp[EL_SNOC]
  280           }
  281         >> simp[Abbr`uc`, update_account_def, APPLY_UPDATE_THM]
  282         >> gen_tac
  283         >> simp[LAST_CONS_SNOC]
  284       }
  285     >> simp[Abbr`uc`, lookup_account_def, update_account_def, APPLY_UPDATE_THM]
  286   }
  287 >> simp[GSYM CONJ_ASSOC]
  288 >> conj_tac
  289 >> list_tac Tactical.REVERSE_LT
  290   >- {
  291     conj_tac
  292     >> list_tac Tactical.REVERSE_LT
  293       >- metis_tac[SUBSET_TRANS, same_frame_rel_def]
  294     >> qpat_x_assum`same_frame_rel s se`mp_tac
  295     >> simp[same_frame_rel_def]
  296     >> strip_tac
  297     >> Cases_on`s.contexts`
  298       >- gvs[]
  299     >> simp[]
  300     >> Cases_on`s'.contexts`
  301       >- gvs[]
  302     >> simp[]
  303     >> Cases_on`t'`
  304       >- gvs[]
  305     >> simp[]
  306     >> Cases_on`se.contexts`
  307       >- gvs[]
  308     >> fs[]
  309   }
  310 >> qpat_x_assum `proceed_create _ _ _ _ _ se = _` mp_tac
  311 >> simp[proceed_create_def]
  312 >> simp[ignore_bind_def, bind_def, update_accounts_def, return_def,
               get_rollback_def, get_original_def, set_original_def, fail_def]
  313 >> strip_tac
  314 >> gvs[]
  315 >> drule push_context_effect
  316 >> strip_tac
  317 >> gvs[]
  318 >> rpt strip_tac
  319 >> sg `i < LENGTH se.contexts`
  320   >- gvs[same_frame_rel_def]
  321 >> simp[set_last_accounts_def]
  322 >> qmatch_goalsub_abbrev_tac`SNOC new`
  323 >> qhdtm_x_assum`push_context` kall_tac
  324 >> qpat_x_assum`_ = TL s.contexts`mp_tac
  325 >> simp[LIST_EQ_REWRITE]
  326 >> rewrite_tac[GSYM EL]
  327 >> Cases_on`i=0`
  328   >- {
  329     Cases_on`FRONT se.contexts = []`
  330       >- {
  331         gvs[]
  332         >> gvs[Abbr`new`]
  333         >> Cases_on`se.contexts`
  334         >> gvs[]
  335         >> Cases_on`s.contexts`
  336         >> gvs[]
  337         >> qpat_x_assum`same_frame_rel s se`mp_tac
  338         >> simp[same_frame_rel_def]
  339       }
  340     >> rewrite_tac[GSYM EL]
  341     >> DEP_REWRITE_TAC[EL_SNOC]
  342     >> simp[LENGTH_FRONT]
  343     >> simp[PRE_SUB1]
  344     >> Cases_on`se.contexts`
  345     >> gvs[]
  346     >> Cases_on`s.contexts`
  347     >> gvs[]
  348     >> Cases_on`t`
  349     >> gvs[]
  350     >> qpat_x_assum`same_frame_rel s se`mp_tac
  351     >> simp[same_frame_rel_def]
  352   }
  353 >> Cases_on`i = LENGTH s.contexts - 1`
  354   >- {
  355     sg `i = LENGTH (FRONT se.contexts)`
  356       >- simp[LENGTH_FRONT]
  357     >> pop_assum SUBST1_TAC
  358     >> simp[EL_LENGTH_SNOC]
  359     >> simp[Abbr`new`, LENGTH_FRONT, GSYM LAST_EL]
  360     >> simp[LAST_EL]
  361     >> strip_tac
  362     >> AP_TERM_TAC
  363     >> AP_TERM_TAC
  364     >> first_x_assum(qspec_then`PRE i`mp_tac)
  365     >> simp[PRE_SUB1,ADD1]
  366   }
  367 >> strip_tac
  368 >> simp[EL_SNOC, LENGTH_FRONT, EL_FRONT, NULL_EQ]
  369 >> first_x_assum(qspec_then`PRE i`mp_tac)
  370 >> simp[ADD1, PRE_SUB1]
